[codi.bold-themes-cdn.com/demo-02/home/home-04/index.html]
[backblue.gif]
[fade.gif]
[index.html]
[codi.bold-themes-cdn.com/demo-02/wp-includes/css/dist/block-library/style.mine35d.css]
[codi.bold-themes-cdn.com/demo-02/wp-content/plugins/bold-page-builder/slick/slicke100.css]
[codi.bold-themes-cdn.com/demo-02/wp-content/plugins/bold-page-builder/css/front_end/content_elements.crushe100.css]
[codi.bold-themes-cdn.com/demo-02/wp-content/plugins/bold-timeline-lite/stylee35d.css]
[codi.bold-themes-cdn.com/demo-02/wp-content/plugins/bt_cost_calculator/style.mine35d.css]
[codi.bold-themes-cdn.com/demo-02/wp-content/plugins/contact-form-7/includes/css/stylesf658.css]
[codi.bold-themes-cdn.com/demo-02/wp-content/plugins/woocommerce/assets/css/woocommerce-layoutee31.css]
[codi.bold-themes-cdn.com/demo-02/wp-content/plugins/woocommerce/assets/css/woocommerce-smallscreenee31.css]
[codi.bold-themes-cdn.com/demo-02/wp-content/plugins/woocommerce/assets/css/woocommerceee31.css]
[codi.bold-themes-cdn.com/demo-02/wp-content/themes/codi/style8a54.css]
[codi.bold-themes-cdn.com/demo-02/wp-includes/js/jquery/jquery.min3088.js]
[codi.bold-themes-cdn.com/demo-02/wp-includes/js/jquery/jquery-migrate.min5589.js]
[codi.bold-themes-cdn.com/demo-02/wp-content/plugins/bold-page-builder/slick/slick.mine100.js]
[codi.bold-themes-cdn.com/demo-02/wp-content/plugins/bold-page-builder/content_elements_misc/js/jquery.magnific-popup.mine100.js]
[codi.bold-themes-cdn.com/demo-02/wp-content/plugins/bold-page-builder/content_elements_misc/js/content_elementse100.js]
[codi.bold-themes-cdn.com/demo-02/wp-content/plugins/bold-timeline-lite/bold-builder-light/bt-bb-lighte35d.js]
[codi.bold-themes-cdn.com/demo-02/wp-content/plugins/bold-timeline-lite/assets/js/bold-timelinee35d.js]
[codi.bold-themes-cdn.com/demo-02/wp-content/plugins/bt_cost_calculator/jquery.dde35d.js]
[codi.bold-themes-cdn.com/demo-02/wp-content/plugins/bt_cost_calculator/cc.maine35d.js]
[codi.bold-themes-cdn.com/demo-02/wp-content/uploads/sites/3/2023/08/cropped-favicon-32x32.png]
[codi.bold-themes-cdn.com/demo-02/wp-content/uploads/sites/3/2023/08/cropped-favicon-192x192.png]
[codi.bold-themes-cdn.com/demo-02/wp-content/uploads/sites/3/2023/08/cropped-favicon-180x180.png]
[codi.bold-themes-cdn.com/demo-02/wp-content/uploads/sites/3/2023/07/logo_home_04.png]
[codi.bold-themes-cdn.com/demo-02/wp-content/uploads/sites/3/2019/02/logo_black.png]
[codi.bold-themes-cdn.com/demo-02/home/home-04/https_/codi.bold-themes-cdn.com/demo-02/wp-content/plugins/bold-page-builder/img/blank.gif]
[codi.bold-themes-cdn.com/demo-02/wp-content/uploads/sites/3/2023/07/client_logo_home_04.png]
[codi.bold-themes-cdn.com/demo-02/wp-content/uploads/sites/3/2023/07/client_logo_02_home_04.png]
[codi.bold-themes-cdn.com/demo-02/wp-content/uploads/sites/3/2023/07/client_logo_03_home_04.png]
[codi.bold-themes-cdn.com/demo-02/wp-content/uploads/sites/3/2023/07/client_logo_04_home_04.png]
[codi.bold-themes-cdn.com/demo-02/wp-content/uploads/sites/3/2023/07/client_logo_05_home_04.png]
[codi.bold-themes-cdn.com/demo-02/wp-content/uploads/sites/3/2023/07/bottom_gray_curved_cover.png]
[codi.bold-themes-cdn.com/demo-02/wp-content/uploads/sites/3/2023/07/image_01_home_04.jpg]
[codi.bold-themes-cdn.com/demo-02/wp-content/uploads/sites/3/2023/07/image_02_home_04.jpg]
[codi.bold-themes-cdn.com/demo-02/wp-content/uploads/sites/3/2023/07/testimonial_01.jpg]
[codi.bold-themes-cdn.com/demo-02/wp-content/uploads/sites/3/2023/07/testimonial_02.jpg]
[codi.bold-themes-cdn.com/demo-02/wp-content/uploads/sites/3/2023/08/testimonial_home_05.png]
[codi.bold-themes-cdn.com/demo-02/wp-content/uploads/sites/3/2023/07/company_01_home_04.png]
[codi.bold-themes-cdn.com/demo-02/wp-content/uploads/sites/3/2023/07/company_02_home_04.png]
[codi.bold-themes-cdn.com/demo-02/wp-content/uploads/sites/3/2023/07/company_03_home_04.png]
[codi.bold-themes-cdn.com/demo-02/wp-content/uploads/sites/3/2023/07/company_04_home_04.png]
[codi.bold-themes-cdn.com/demo-02/wp-content/uploads/sites/3/2023/07/company_05_home_04.png]
[codi.bold-themes-cdn.com/demo-02/wp-content/uploads/sites/3/2023/07/team_01_home_04.jpg]
[codi.bold-themes-cdn.com/demo-02/wp-content/uploads/sites/3/2023/07/team_02_home_04.jpg]
[codi.bold-themes-cdn.com/demo-02/wp-content/uploads/sites/3/2023/07/team_03_home_04.jpg]
[codi.bold-themes-cdn.com/demo-02/wp-content/uploads/sites/3/2023/07/image_03_home_04.jpg]
[codi.bold-themes-cdn.com/demo-02/wp-content/uploads/sites/3/2023/07/image_04_home_04.jpg]
[codi.bold-themes-cdn.com/demo-02/wp-content/uploads/sites/3/2023/07/image_05_home_04.jpg]
[codi.bold-themes-cdn.com/demo-02/wp-content/uploads/sites/3/2023/07/bottom_dark_curved_cover.png]
[codi.bold-themes-cdn.com/demo-02/wp-content/uploads/sites/3/2023/07/footer_logo.png]
[codi.bold-themes-cdn.com/demo-02/wp-content/plugins/contact-form-7/includes/swv/js/indexf658.js]
[codi.bold-themes-cdn.com/demo-02/wp-content/plugins/contact-form-7/includes/js/indexf658.js]
[codi.bold-themes-cdn.com/demo-02/wp-content/plugins/woocommerce/assets/js/jquery-blockui/jquery.blockUI.min38c1.js]
[codi.bold-themes-cdn.com/demo-02/wp-content/plugins/woocommerce/assets/js/frontend/add-to-cart.minee31.js]
[codi.bold-themes-cdn.com/demo-02/wp-content/plugins/woocommerce/assets/js/js-cookie/js.cookie.minfb9f.js]
[codi.bold-themes-cdn.com/demo-02/wp-content/plugins/woocommerce/assets/js/frontend/woocommerce.minee31.js]
[codi.bold-themes-cdn.com/demo-02/wp-content/themes/codi/framework/assets/js/bt_framework_misce35d.js]
[codi.bold-themes-cdn.com/demo-02/home/home-04/index.html]
[codi.bold-themes-cdn.com/demo-02/wp-includes/css/dist/block-library/style.mine35d.css]
[codi.bold-themes-cdn.com/demo-02/wp-content/plugins/bold-page-builder/css/front_end/content_elements.crushe100.css]
[codi.bold-themes-cdn.com/demo-02/wp-content/plugins/bold-page-builder/slick/slicke100.css]
[codi.bold-themes-cdn.com/demo-02/wp-content/plugins/bold-page-builder/content_elements/bt_bb_section/bt_bb_elementse100.js]
[codi.bold-themes-cdn.com/demo-02/wp-content/plugins/bold-timeline-lite/assets/fonts/Pe-icon-7-strokebb1d.eot]
[codi.bold-themes-cdn.com/demo-02/wp-content/plugins/bold-timeline-lite/assets/fonts/Pe-icon-7-stroked41d.eot]
[codi.bold-themes-cdn.com/demo-02/wp-content/plugins/bold-timeline-lite/assets/fonts/Pe-icon-7-strokebb1d.woff]
[codi.bold-themes-cdn.com/demo-02/wp-content/plugins/bold-timeline-lite/assets/fonts/Pe-icon-7-strokebb1d.ttf]
[codi.bold-themes-cdn.com/demo-02/wp-content/plugins/bold-timeline-lite/assets/fonts/Pe-icon-7-strokebb1d.svg]
[codi.bold-themes-cdn.com/demo-02/wp-content/plugins/bold-timeline-lite/assets/fonts/FontAwesome5Brands3f71.woff]
[codi.bold-themes-cdn.com/demo-02/wp-content/plugins/bold-timeline-lite/assets/fonts/FontAwesome5Brands3f71.ttf]
[codi.bold-themes-cdn.com/demo-02/wp-content/plugins/bold-timeline-lite/assets/fonts/fontawesome-webfont5b62.eot]
[codi.bold-themes-cdn.com/demo-02/wp-content/plugins/bold-timeline-lite/assets/fonts/fontawesome-webfontd41d.eot]
[codi.bold-themes-cdn.com/demo-02/wp-content/plugins/bold-timeline-lite/assets/fonts/fontawesome-webfont5b62.woff2]
[codi.bold-themes-cdn.com/demo-02/wp-content/plugins/bold-timeline-lite/assets/fonts/fontawesome-webfont5b62.woff]
[codi.bold-themes-cdn.com/demo-02/wp-content/plugins/bold-timeline-lite/assets/fonts/fontawesome-webfont5b62.ttf]
[codi.bold-themes-cdn.com/demo-02/wp-content/plugins/bold-timeline-lite/stylee35d.css]
[codi.bold-themes-cdn.com/demo-02/wp-content/plugins/bt_cost_calculator/style.mine35d.css]
[codi.bold-themes-cdn.com/demo-02/wp-content/plugins/contact-form-7/includes/css/stylesf658.css]
[codi.bold-themes-cdn.com/demo-02/wp-content/plugins/woocommerce/assets/css/woocommerce-layoutee31.css]
[codi.bold-themes-cdn.com/demo-02/wp-content/plugins/woocommerce/assets/css/woocommerce-smallscreenee31.css]
[codi.bold-themes-cdn.com/demo-02/wp-content/plugins/woocommerce/assets/css/woocommerceee31.css]
[codi.bold-themes-cdn.com/demo-02/wp-content/themes/codi/style8a54.css]
[www.googletagmanager.com/gtm5445.html]
[codi.bold-themes-cdn.com/demo-02/home/home-04/https_/codi.bold-themes-cdn.com/demo-02/wp-content/plugins/bold-page-builder/img/blank.html]
[codi.bold-themes-cdn.com/demo-02/wp-content/plugins/bold-timeline-lite/assets/fonts/Pe-icon-7-strokebb1d.svg]
[codi.bold-themes-cdn.com/demo-02/wp-content/plugins/bold-timeline-lite/assets/fonts/fontawesome-webfont5b62.svg]
[codi.bold-themes-cdn.com/demo-02/wp-content/plugins/bold-timeline-lite/assets/fonts/fontawesome-webfont5b62.svg]
